Detecting compiler hash for triplet x64-windows...
-- Automatically setting %HTTP(S)_PROXY% environment variables to "127.0.0.1:7890".
Compiler found: C:/Program Files (x86)/Microsoft Visual Studio/18/BuildTools/VC/Tools/MSVC/14.50.35717/bin/Hostx64/x64/cl.exe
The following packages are already installed:
  * brotli:x64-windows@1.2.0
    catch2:x64-windows@3.13.0#1
    cli11:x64-windows@2.6.2
    cpp-httplib[core,brotli]:x64-windows@0.37.1
    curl[core,sspi,ssl,non-http]:x64-windows@8.18.0#1
    nlohmann-json:x64-windows@3.12.0#2
  * vcpkg-cmake:x64-windows@2024-04-23
  * vcpkg-cmake-config:x64-windows@2024-05-23
    yaml-cpp:x64-windows@0.9.0
  * zlib:x64-windows@1.3.1
catch2 provides CMake targets:

  # this is heuristically generated, and may not be correct
  find_package(Catch2 CONFIG REQUIRED)
  target_link_libraries(main PRIVATE Catch2::Catch2 Catch2::Catch2WithMain)

catch2 provides pkg-config modules:

  # A modern, C++-native test framework for C++14 and above (links in default main)
  catch2-with-main

  # A modern, C++-native, test framework for C++14 and above
  catch2

cli11 provides CMake targets:

  # this is heuristically generated, and may not be correct
  find_package(CLI11 CONFIG REQUIRED)
  target_link_libraries(main PRIVATE CLI11::CLI11)

cli11 provides pkg-config modules:

  # C++ command line parser
  CLI11

cpp-httplib provides CMake targets:

    find_package(httplib CONFIG REQUIRED)
    target_link_libraries(main PRIVATE httplib::httplib)

curl is compatible with built-in CMake targets:

    find_package(CURL REQUIRED)
    target_link_libraries(main PRIVATE CURL::libcurl)

The package nlohmann-json provides CMake targets:

    find_package(nlohmann_json CONFIG REQUIRED)
    target_link_libraries(main PRIVATE nlohmann_json::nlohmann_json)

The package nlohmann-json can be configured to not provide implicit conversions via a custom triplet file:

    set(nlohmann-json_IMPLICIT_CONVERSIONS OFF)

For more information, see the docs here:
    
    https://json.nlohmann.me/api/macros/json_use_implicit_conversions/

yaml-cpp provides CMake targets:

  # this is heuristically generated, and may not be correct
  find_package(yaml-cpp CONFIG REQUIRED)
  target_link_libraries(main PRIVATE yaml-cpp::yaml-cpp)

yaml-cpp provides pkg-config modules:

  # A YAML parser and emitter for C++
  yaml-cpp

All requested installations completed successfully in: 448 us
